npm warn config production Use `--omit=dev` instead.
# npm audit report

body-parser  <=1.20.6
Severity: moderate
body-parser vulnerable to denial of service when invalid limit value silently disables size enforcement - https://github.com/advisories/GHSA-v422-hmwv-36x6
Depends on vulnerable versions of qs
fix available via `npm audit fix`
node_modules/body-parser

esbuild  <=0.24.2
Severity: moderate
esbuild enables any website to send any requests to the development server and read the response - https://github.com/advisories/GHSA-67mh-4wv8-2f99
fix available via `npm audit fix --force`
Will install vite@8.3.2, which is a breaking change
node_modules/vite/node_modules/esbuild
  vite  <=6.4.2
  Depends on vulnerable versions of esbuild
  node_modules/vite

morgan  <=1.12.0
Severity: moderate
morgan vulnerable to Log Forging via unescaped Unicode line separators - https://github.com/advisories/GHSA-jxfw-x594-9x9m
morgan vulnerable to Log Injection via unescaped double quote in quoted log fields - https://github.com/advisories/GHSA-9f6g-j8ch-79g4
fix available via `npm audit fix`
node_modules/morgan

nanoid  <=3.3.17
Severity: high
nanoid: non-secure generators can loop indefinitely with negative size - https://github.com/advisories/GHSA-28wg-ghj8-5hjv
nanoid: custom generators can loop indefinitely when size is zero - https://github.com/advisories/GHSA-2v37-7h3g-55p8
fix available via `npm audit fix`
node_modules/nanoid

nodemailer  <=10.0.5
Severity: high
Nodemailer: resolveContent() on a MailMessage bypasses disableFileAccess/disableUrlAccess when called with the legacy signature - https://github.com/advisories/GHSA-8m3c-c648-2xjj
Nodemailer: IDN/Punycode domain allow-list bypass leads to email delivery to an attacker-controlled domain - https://github.com/advisories/GHSA-wmmp-3585-3rmp
Nodemailer: Quadratic (O(n²)) time complexity in addressparser allows remote denial of service via a crafted address list - https://github.com/advisories/GHSA-2x7j-588g-ccc2
Nodemailer: Recipient-domain validation bypass via RFC 5322 comment mis-parsing leads to email delivery to an attacker-controlled domain - https://github.com/advisories/GHSA-cc9r-2j5m-2m83
Nodemailer: Process-global DNS cache reuses TLS `servername` across transports, enabling cross-tenant SMTP credential disclosure - https://github.com/advisories/GHSA-6vj9-mwq6-2f5v
Nodemailer: Nested structured recipient arrays bypass the parser depth limit and cause stack exhaustion DoS - https://github.com/advisories/GHSA-8vvx-rff5-p5rq
Nodemailer: Quadratic backtracking in the addressparser free-text fallback allows remote denial of service - https://github.com/advisories/GHSA-v53p-9fqp-m79j
fix available via `npm audit fix --force`
Will install nodemailer@9.1.1, which is outside the stated dependency range
node_modules/nodemailer

postcss  <=8.5.22
Severity: high
PostCSS: incomplete fix of GHSA-6g55-p6wh-862q — attacker-controlled sourceMappingURL reads arbitrary .map files when `from` is unset - https://github.com/advisories/GHSA-fxqj-rqcc-2cmp
PostCSS: Path Traversal in Previous Source Map Auto-Loading (sourceMappingURL) leads to Arbitrary .map File Disclosure - https://github.com/advisories/GHSA-r28c-9q8g-f849
fix available via `npm audit fix`
node_modules/postcss

qs  2.2.5 - 6.15.3
Severity: moderate
qs array-limit bypass via bracket-key comma parsing - https://github.com/advisories/GHSA-x5fp-wj9c-mxmx
qs: Denial of Service via Attacker Controlled isBuffer - https://github.com/advisories/GHSA-4mjr-xmp4-gh2g
fix available via `npm audit fix`
node_modules/qs
  express  4.22.2
  Depends on vulnerable versions of qs
  node_modules/express


9 vulnerabilities (5 moderate, 4 high)

To address issues that do not require attention, run:
  npm audit fix

To address all issues (including breaking changes), run:
  npm audit fix --force
