npm warn config production Use `--omit=dev` instead.
# npm audit report

esbuild  <=0.24.2
Severity: moderate
esbuild enables any website to send any requests to the development server and read the response - https://github.com/advisories/GHSA-67mh-4wv8-2f99
fix available via `npm audit fix --force`
Will install vite@8.3.2, which is a breaking change
node_modules/vite/node_modules/esbuild
  vite  <=6.4.2
  Depends on vulnerable versions of esbuild
  node_modules/vite

nodemailer  <=10.0.5
Severity: high
Nodemailer: resolveContent() on a MailMessage bypasses disableFileAccess/disableUrlAccess when called with the legacy signature - https://github.com/advisories/GHSA-8m3c-c648-2xjj
Nodemailer: IDN/Punycode domain allow-list bypass leads to email delivery to an attacker-controlled domain - https://github.com/advisories/GHSA-wmmp-3585-3rmp
Nodemailer: Quadratic (O(n²)) time complexity in addressparser allows remote denial of service via a crafted address list - https://github.com/advisories/GHSA-2x7j-588g-ccc2
Nodemailer: Recipient-domain validation bypass via RFC 5322 comment mis-parsing leads to email delivery to an attacker-controlled domain - https://github.com/advisories/GHSA-cc9r-2j5m-2m83
Nodemailer: Process-global DNS cache reuses TLS `servername` across transports, enabling cross-tenant SMTP credential disclosure - https://github.com/advisories/GHSA-6vj9-mwq6-2f5v
Nodemailer: Nested structured recipient arrays bypass the parser depth limit and cause stack exhaustion DoS - https://github.com/advisories/GHSA-8vvx-rff5-p5rq
Nodemailer: Quadratic backtracking in the addressparser free-text fallback allows remote denial of service - https://github.com/advisories/GHSA-v53p-9fqp-m79j
fix available via `npm audit fix --force`
Will install nodemailer@9.1.1, which is outside the stated dependency range
node_modules/nodemailer


3 vulnerabilities (1 moderate, 2 high)

To address all issues (including breaking changes), run:
  npm audit fix --force
