Localito API escuchando en http://127.0.0.1:43201 (memory)
[0mGET /health [32m200[0m 1.456 ms - 226[0m
[0mGET /health [32m200[0m 0.320 ms - 226[0m
[0mPOST /auth/register [32m201[0m 32.242 ms - 403[0m
[0mPOST /auth/register [32m201[0m 32.405 ms - 403[0m
[0mGET /products [33m401[0m 0.773 ms - 61[0m
[0mGET /products [33m401[0m 0.237 ms - 61[0m
[0mPOST /auth/login [33m401[0m 32.351 ms - 37[0m
[0mPOST /products [32m201[0m 0.640 ms - 268[0m
[0mPOST /products [32m201[0m 0.292 ms - 265[0m
[0mGET /products [32m200[0m 0.263 ms - 270[0m
[0mPATCH /products/a32a3068-0e7e-44c7-9d1a-81a3d029e8c1 [33m404[0m 0.442 ms - 37[0m
[0mGET /products [32m200[0m 0.156 ms - 267[0m
[0mPOST /users [32m201[0m 31.186 ms - 221[0m
[0mPOST /auth/login [32m200[0m 32.193 ms - 410[0m
[0mPOST /products [33m403[0m 0.199 ms - 65[0m
[0mGET /bootstrap [32m200[0m 0.858 ms - 2754[0m
[0mPOST /sales [33m400[0m 1.022 ms - 70[0m
[0mGET /bootstrap [32m200[0m 0.201 ms - 2754[0m
[0mPOST /sales [32m201[0m 0.527 ms - 459[0m
[0mGET /bootstrap [32m200[0m 0.344 ms - 3545[0m
[0mPOST /sales [32m201[0m 0.144 ms - 459[0m
[0mGET /bootstrap [32m200[0m 0.214 ms - 3864[0m
[0mPOST /customers [32m201[0m 0.248 ms - 219[0m
[0mPOST /sales [32m201[0m 0.263 ms - 513[0m
[0mGET /customers [32m200[0m 0.168 ms - 224[0m
[0mGET /products [32m200[0m 0.131 ms - 269[0m
[0mPOST /customers/dada0f0a-b6ef-4b3b-ab60-73db526853ee/payments [32m200[0m 0.477 ms - 480[0m
[0mGET /customers [32m200[0m 0.104 ms - 223[0m
[0mGET /audit/history [32m200[0m 6.462 ms - 1909[0m
[0mGET /audit/history [33m403[0m 0.132 ms - 65[0m
[0mPOST /auth/logout [32m204[0m 0.139 ms - -[0m
[0mGET /products [33m401[0m 0.280 ms - 61[0m
