npm warn Unknown env config "http-proxy". This will stop working in the next major version of npm.
npm warn config production Use `--omit=dev` instead.

> localito@0.1.0 build
> npm run build -w packages/shared && npm run build -w apps/api && npm run build -w apps/web

npm warn Unknown env config "http-proxy". This will stop working in the next major version of npm.
npm warn config production Use `--omit=dev` instead.

> @localito/shared@0.1.0 build
> tsc -p tsconfig.json

npm warn Unknown env config "http-proxy". This will stop working in the next major version of npm.
npm warn config production Use `--omit=dev` instead.

> @localito/api@0.1.0 build
> tsc -p tsconfig.json

npm warn Unknown env config "http-proxy". This will stop working in the next major version of npm.
npm warn config production Use `--omit=dev` instead.

> @localito/web@0.1.0 build
> tsc -b && vite build

vite v5.4.21 building for production...
transforming...
✓ 1862 modules transformed.
rendering chunks...
computing gzip size...
dist/index.html                   1.04 kB │ gzip:   0.52 kB
dist/assets/index-Yc4FiCwE.css  171.71 kB │ gzip:  29.96 kB
dist/assets/index-BOCWuCFJ.js   435.72 kB │ gzip: 122.57 kB
dist/assets/index-Cnw8yPzQ.js   457.40 kB │ gzip: 118.41 kB
✓ built in 5.62s
