npm warn Unknown env config "http-proxy". This will stop working in the next major version of npm.
npm warn config production Use `--omit=dev` instead.

> localito@0.1.0 check
> npm run typecheck && npm test && npm run build

npm warn Unknown env config "http-proxy". This will stop working in the next major version of npm.
npm warn config production Use `--omit=dev` instead.

> localito@0.1.0 typecheck
> npm run typecheck -w apps/web && npm run typecheck -w apps/api

npm warn Unknown env config "http-proxy". This will stop working in the next major version of npm.
npm warn config production Use `--omit=dev` instead.

> @localito/web@0.1.0 typecheck
> tsc -b --noEmit

npm warn Unknown env config "http-proxy". This will stop working in the next major version of npm.
npm warn config production Use `--omit=dev` instead.

> @localito/api@0.1.0 typecheck
> tsc -p tsconfig.json --noEmit

npm warn Unknown env config "http-proxy". This will stop working in the next major version of npm.
npm warn config production Use `--omit=dev` instead.

> localito@0.1.0 pretest
> npm run build -w packages/shared

npm warn Unknown env config "http-proxy". This will stop working in the next major version of npm.
npm warn config production Use `--omit=dev` instead.

> @localito/shared@0.1.0 build
> tsc -p tsconfig.json


> localito@0.1.0 test
> tsx --test apps/api/src/localito.test.ts scripts/improvements.test.ts scripts/hardening.test.ts scripts/design.test.ts

node:net:2145
      const error = new UVExceptionWithHostPort(rval, 'listen', address, port);
                    ^

Error: listen EPERM: operation not permitted /tmp/tsx-0/108.pipe
    at Server.setupListenHandle [as _listen2] (node:net:2145:21)
    at listenInCluster (node:net:2224:12)
    at Server.listen (node:net:2361:5)
    at file:///workspace/scratch/978fb7316983/validation_repo/node_modules/tsx/dist/cli.mjs:53:31537
    at new Promise (<anonymous>)
    at createIpcServer (file:///workspace/scratch/978fb7316983/validation_repo/node_modules/tsx/dist/cli.mjs:53:31515)
    at async file:///workspace/scratch/978fb7316983/validation_repo/node_modules/tsx/dist/cli.mjs:55:459 {
  code: 'EPERM',
  errno: -1,
  syscall: 'listen',
  address: '/tmp/tsx-0/108.pipe',
  port: -1
}

Node.js v24.19.0
